// Jest Snapshot v1, https://goo.gl/fbAQLP

exports[`render renders correctly 1`] = `
<div
  className="distance-select"
>
  <div
    className="distance-select__label"
  >
    Distance
  </div>
  <div
    className="distance-select__input"
  >
    <NumberSelect
      max="100"
      name="km"
      onChange={[Function]}
      value={3}
    />
    <span
      className="distance-select__separator"
    >
      .
    </span>
    <NumberSelect
      max="999"
      name="m"
      onChange={[Function]}
      pad="3"
      value={661}
    />
    <span
      className="distance-select__value-label"
    >
      m
    </span>
  </div>
</div>
`;
